../Core/Src/main.c:62:5:__io_putchar	24	static
../Core/Src/main.c:93:5:main	104	static
../Core/Src/main.c:180:6:SystemClock_Config	72	static
../Core/Src/main.c:217:13:MX_I2C1_Init	8	static
../Core/Src/main.c:251:13:MX_SPI1_Init	8	static
../Core/Src/main.c:289:13:MX_USART1_UART_Init	8	static
../Core/Src/main.c:322:13:MX_USART3_UART_Init	8	static
../Core/Src/main.c:355:13:MX_GPIO_Init	40	static
../Core/Src/main.c:402:6:HAL_GPIO_EXTI_Callback	16	static
../Core/Src/main.c:416:6:Error_Handler	4	static,ignoring_inline_asm
